npm warn Unknown env config "http-proxy". This will stop working in the next major version of npm.

> foxiora@12.15.0 test
> TZ=Asia/Tehran node --test tests/regression.cjs tests/exchanges.cjs tests/undo-calendar.cjs tests/preferences.cjs tests/review.cjs tests/polish.cjs tests/scan-learning.cjs tests/ocr-specialist.cjs tests/navigation.cjs

✔ D,N,-,- and D,-,N,- yields a checked reciprocal swap, not direct N cover (47.422212ms)
✔ saving the agreed exchange changes exactly four roster cells and preserves IDs and other shifts (61.777117ms)
✔ preview is read-only and shows resulting schedules for both people (18.33211ms)
✔ a return N followed by work is not a valid swap even without a time overlap (5.002964ms)
✔ taking N on a date after your own previous N requires moving or removing that previous N (13.165581ms)
✔ two adjacent N transfers that individually look possible are not a shared multi-date cover (11.668359ms)
✔ unknown or uncertain post-night dates cannot approve reciprocal or one-way N cover (45.424888ms)
✔ unknown or reviewed-off receiving dates cannot silently become exchange candidates (35.939592ms)
✔ an unreviewed outgoing N cannot suggest either cover or exchange (6.275238ms)
✔ rest after N is checked even if the next shift starts after N has ended (8.003567ms)
✔ a colleague N on the previous roster day blocks E cover without time overlap (5.263937ms)
✔ same-workplace DE remains coverable and does not become an overlap concern (6.538224ms)
✔ hospital night aliases and overnight custom codes participate in night recovery (14.656764ms)
✔ short n ending at midnight stays distinct from overnight N (6.198282ms)
✔ a workplace can explicitly disable the day-off-after-night rule (10.10691ms)
✔ your other workplace or personal event blocks the incoming shift (32.503575ms)
✔ work in another workplace on the post-night date also prevents the swap (7.344475ms)
✔ stale previews revalidate before save and cannot overwrite a later shift edit (13.194585ms)
✔ same-code exchange does not propose unrelated shifts or a different workplace colleague (11.354446ms)
✔ date arithmetic and post-night recovery work across month and year boundaries (6.495659ms)
✔ uncertain data at another workplace cannot verify an exchange (6.193685ms)
✔ request drafts are local, specific to the colleague, and leave both rosters intact (8.106352ms)
✔ scan review lists every unclear date beside a visible editing prompt (101.798232ms)
✔ next and previous unclear skip clear and corrected dates and wrap safely (104.625864ms)
✔ clear calendar dates remain directly editable alongside the unclear-date list (57.741953ms)
✔ saved unclear results offer single-cell editing and show controls before the whole list (48.018879ms)
✔ shift swap has one main flow without nested mode tabs or result filters (34.018944ms)
✔ table line repair retains a real name interval while removing a false half-cell boundary (36.957403ms)
✔ table line repair preserves an irregular small layout without dominant date spacing (7.464215ms)
✔ staff suggestions use confirmed identities, preserve homonym ambiguity and respect workplace scope (11.443481ms)
✔ unsupported custom symbols retain the general recognizer (41.395468ms)
✔ specialist disagreement flags a previously clear reading instead of accepting a new guess (17.295422ms)
✔ a specialist off guess without a visible dash remains pending (24.596432ms)
✔ a matching independent specialist can resolve a pending valid symbol without learning its guess (13.595728ms)
✔ specialist initialization failure preserves the general OCR result (9.378965ms)
✔ an exact human-confirmed symbol is reused automatically and approximate matches remain pending (65.036759ms)
✔ calendar stays quiet outside imported periods without treating unseen days as off (96.217144ms)
✔ old imports retain unknown marks on their actual stored dates only (5.328955ms)
✔ calendar coverage respects the workplace filter (3.849679ms)
✔ workplace names, shift labels, and event titles are text in day/list/week views (52.132035ms)
✔ imported identifiers survive quote escaping without executing code or adding attributes (43.014723ms)
✔ code text and unsafe saved image/color attributes cannot inject markup (27.940932ms)
✔ colleague dynamic date fields quote their IDs and use safe handler arguments (40.240991ms)
✔ Today removes permanent Undo while settings and the confirmation toast keep it (21.335859ms)
✔ shipped OCR assets match their browser checksums and both compressed models expand (157.615469ms)
✔ roster imports store their exact range and undo removes it (46.786706ms)
✔ asset validation rejects same-size tampering and repairs a poisoned verified cache (133.686581ms)
✔ service-worker activation preserves verified scanner assets and unrelated caches (1.730282ms)
✔ manual exclusion filters direct cover, reciprocal swaps and common cover with a readable reason (37.113032ms)
✔ accepted full codes do not permit DE when a D-only colleague already has E (16.54637ms)
✔ no-combined rejects DE but still permits an ordinary D on an off date (11.837624ms)
✔ maximum length checks merged handover duration and custom long atomic codes (10.001266ms)
✔ a clear D-only pattern is suggested without silently filtering by default (15.580624ms)
✔ pattern learning ignores unreadable and unreviewed cells and requires sufficient evidence (7.369323ms)
✔ combined-only rosters are not used to infer an atomic duty restriction (5.131818ms)
✔ old patterns do not automatically constrain a distant future roster (12.124214ms)
✔ explicit choices and flexible override win over automatic patterns without bypassing manual limits (8.67637ms)
✔ hospital aliases are canonicalized in accepted shift rules (5.599442ms)
✔ an explicit empty allowed list offers no working shifts, while null restores all (9.445715ms)
✔ saved preference and automatic-filter changes are persistent-state fields and undoable (75.428894ms)
✔ colleague preferences are scoped by workplace and remain when roster cells are replaced (4.805428ms)
✔ inline edits preserve draft values on same-page renders, fold freely and clear on navigation (86.955199ms)
✔ starting a second inline editor leaves one tool and one copy of each field (20.780894ms)
✔ a changed colleague preference invalidates a formerly valid saved exchange preview (11.5425ms)
✔ manual limits affect trip cover candidates because they share the matching engine (7.572198ms)
✔ colleague manager exposes filters, readable observed evidence and persistent manual controls (27.804137ms)
✔ undo of colleague preferences keeps selected shifts that still exist (39.125374ms)
✔ an inline tool attached inside a folded section is mounted outside the folded parent (5.723408ms)
✔ accepted-shift chips reflect an active pattern and manual changes override it (13.678772ms)
✔ choosing all accepted shifts explicitly overrides automatic filtering (12.395383ms)
✔ full Persian durations, year/month/day, overnight date and case-sensitive codes (49.138733ms)
✔ Friday weekends, 1405 lunar holiday boundary and 1406 no reused lunar data (8.164459ms)
✔ name aliases are workplace-scoped, ambiguous aliases abstain, memory survives JSON backup (21.370771ms)
✔ faint dash is off, blank stays blank and D survives the glyph extraction (21.450351ms)
✔ visual examples match rescaled D, reject N and do not learn suggestions automatically (57.278956ms)
✔ manual confirmation is idempotent and explicit blank is separate from off (12.062382ms)
✔ all main views render for Persian/English and full month boundaries (220.942883ms)
✔ free slots never intersect saved work or personal events, including overnight work (5.77156ms)
✔ old state gains defaults without replacing saved shifts, and example conflicts abstain (5.061683ms)
✔ OCR cannot turn a letter-shaped cell into a confident off day, and blank needs review (33.442427ms)
✔ dash is accepted for existing workplace definitions without adding a code (7.754382ms)
✔ cell margins preserve a readable interior in a reduced-resolution table (16.041586ms)
✔ explicit OFF codes remain supported by OCR (22.790436ms)
✔ import replaces matching dates only and learns only explicitly confirmed symbols (7.625338ms)
✔ cancelled or invalid imports preserve schedules and do not learn (4.604766ms)
✔ IndexedDB round-trip retains schedules and correction memory across a fresh app context (42.747601ms)
✔ OCR rejects a grid dash appended to a working code without rejecting explicit custom codes (46.466004ms)
✔ cover suggestions exclude uncertain off days and previous-night overlaps (6.949802ms)
✔ colleague re-scan clears stale unreadable values and pauses for guessed dates (14.16938ms)
✔ cover flow stays visible without colleagues and supports several selected dates (76.618112ms)
✔ uncertain neighboring overnight dates cannot produce a cover recommendation (6.565935ms)
✔ swap navigation has the requested label and always opens date selection (27.718969ms)
✔ three tabs retain setup routes, English palettes and entry choices (57.930326ms)
✔ month review shows every date and edits the selected source cell (48.809798ms)
✔ additional swap dates and selected result remain reachable (85.503596ms)
✔ calendar exposes current date separately from selection and settings switches retain their state (31.641117ms)
✔ editing an existing shift moves its date and workplace without leaving the old shift (26.771594ms)
✔ Persian fallback requires independent evidence and always remains reviewable (29.76089ms)
✔ free periods cross nights, respect events and stop at the last known roster date (7.438446ms)
✔ trip planner can turn a shorter gap into four days by handing over one shift, with named colleagues (9.51511ms)
✔ missing, uncertain and other-workplace roster days cannot become a trip (12.119998ms)
✔ an expired second workplace blocks travel until its roster is updated or explicitly excluded (13.182638ms)
✔ D cover includes an E colleague as DE despite the approved handover overlap (9.408009ms)
✔ combined cover compares canonical aliases and accepts only defined working combinations (7.493851ms)
✔ legacy off aliases normalize together without changing saved shift times or unknown dates (7.130705ms)
✔ custom hospital symbols retain explicit meanings, case, hours and overnight endings (6.269088ms)
✔ ambiguous hospital aliases abstain and are not accepted as a known shift (5.474754ms)
✔ digital roster distinguishes off from missing and keeps uncertain dates reviewable (40.394543ms)
✔ digital colleague corrections clear uncertainty and affect cover suggestions (17.608002ms)
✔ DE, EN and En handovers in the same workplace are not conflicts (4.485395ms)
✔ cross-workplace clashes remain visible even inside a same-place combined duty (3.874397ms)
✔ OCR respects an explicit custom work meaning for an asterisk (14.503894ms)
✔ empty OCR output never crashes and optional Persian failure stays reviewable (31.84915ms)
✔ failed row reading preserves photo and picker for a retry, without importing partial shifts (4.504184ms)
✔ guided setup creates one workplace and continues directly to roster entry (19.485546ms)
✔ a missing roster day is unknown, while explicit off and leave are distinct (98.939643ms)
✔ monthly filter defaults to all and selected date details appear before the grid (96.964062ms)
✔ event tap edits and saving preserves a multi-day trip id and duration (102.251464ms)
✔ event end before start is rejected without mutating state (38.911531ms)
✔ shift drafts survive navigation without changing the saved roster (75.397211ms)
✔ separate page drafts restore their own editing context and values (67.804216ms)
✔ durable save confirmation waits for storage completion (45.700192ms)
✔ failed save restores data and history, retains editable fields, and supports retry (56.448397ms)
✔ failed OCR import retains review cells and does not partially save shifts (50.065237ms)
✔ digital roster shortcuts retain month, page, and name search (43.586103ms)
✔ colleague presets apply full-code restrictions rather than allowing unintended combinations (59.597703ms)
✔ temporary exclusions apply only inside the inclusive period and weekdays independently (26.360715ms)
✔ linking scanned identities keeps the original rules and merges cells with undo (93.766803ms)
✔ ambiguous aliases never silently choose an identity; linking cannot cross workplaces (15.715221ms)
✔ grouped options retain every eligible item in deterministic colleague order (14.596583ms)
✔ trip reciprocal proposals include the return duty and reject breaks that are too short (24.940911ms)
✔ failed settings save restores the prior selection without overwriting schedules (34.057091ms)
✔ failed first setup retains the workspace and name form for retry (19.716654ms)
✔ expanding advanced settings for one colleague does not expand another on render (46.750411ms)
✔ an active workplace with no roster cannot be silently ignored by travel planning (27.115912ms)
✔ the calendar edit action respects the visible workplace filter (24.316752ms)
✔ group correction learns once, clears only selected dates and undo restores evidence (63.25201ms)
✔ failed group save preserves selection and restores all roster and memory data (23.47752ms)
✔ similar-photo selection never saves or confirms a shift (24.636874ms)
✔ manual colleague correction learns from source and unknown removal does not teach off (31.650572ms)
✔ date confirmation is page-wide, preserves symbol confidence, and validates column range (9.209841ms)
✔ blank interpretation is explicit and only changes actual blank detections (33.45144ms)
✔ blank OCR abstains by default and a workplace off convention can recognize it (29.837635ms)
✔ straightening rejects crossed corner order and preserves dimensions for an aligned rectangle (39.292525ms)
✔ an unreadable imported date remains reviewable and does not count as known off (17.169793ms)
✔ review lists every pending item in month; escaping protects scanned names (14.769543ms)
✔ unconfirmed OCR names are not learned during import (13.506974ms)
✔ short crops cannot allocate a negative typed array (13.697231ms)
✔ colleague-only import reads every page without selecting or modifying a personal row (8.087764ms)
✔ colleague-only mode skips name picking even when a row resembles the user name (5.967555ms)
✔ colleague page rescans update a unique identity without duplicating it (8.010899ms)
✔ repeated OCR names on different rows never merge nurses silently (19.810048ms)
✔ confirmed-example memory retains small local crops for later labelled evaluation (4.291735ms)
✔ undo of a manual edit restores IDs, times and order, without reverting settings or unrelated events (79.79948ms)
✔ sequential changes undo in order and a new change after undo stays usable (46.73058ms)
✔ undo restores both rosters after an agreed exchange and removes its history entry (26.071676ms)
✔ deleted shifts return to their original position (12.446312ms)
✔ moving a shift onto an existing date undoes both the old date and replaced target (16.212376ms)
✔ colleague cell undo restores missing/uncertain information and does not repeat photos (27.115099ms)
✔ undo remains functional after state serialization/reload (15.821788ms)
✔ undo refuses a stale record without overwriting later schedule changes (16.197384ms)
✔ invalid paths from an imported history cannot mutate the app (3.330279ms)
✔ undo history has a bounded count and no-op changes produce no record (6.609883ms)
✔ trip and personal event creation/deletion can be undone (79.640842ms)
✔ workplace removal and its rosters can be restored together (9.332417ms)
✔ imported shift dates and coverage markers restore independently of remembered scan examples (11.872528ms)
✔ all workplaces appear in the same date cell with distinct numbered markers (18.158884ms)
✔ off, leave and sick leave use distinct roster labels without holiday wording (6.860689ms)
✔ national and religious occasions do not imply a roster off day or change free-time results (6.899097ms)
✔ 1405 official lunar mappings are not reused for another year; solar occasions recur (9.033047ms)
✔ exchange results show schedule outcomes without repetitive rule notes or old verbs (17.728516ms)
✔ failed undo storage keeps the edited state and the undo record for retry (17.354514ms)
✔ a malformed undo with a missing parent is rejected before any other patch is applied (8.092332ms)
✔ undo of a colleague name correction restores the name and its OCR learning (13.26977ms)
✔ forgetting a scan correction is reversible (13.812366ms)
ℹ tests 175
ℹ suites 0
ℹ pass 175
ℹ fail 0
ℹ cancelled 0
ℹ skipped 0
ℹ todo 0
ℹ duration_ms 11663.45348
