npm warn Unknown env config "http-proxy". This will stop working in the next major version of npm.

> foxiora@12.16.0 test
> TZ=Asia/Tehran node --test tests/regression.cjs tests/exchanges.cjs tests/undo-calendar.cjs tests/preferences.cjs tests/review.cjs tests/polish.cjs tests/scan-learning.cjs tests/ocr-specialist.cjs tests/navigation.cjs tests/presence.cjs

✔ D,N,-,- and D,-,N,- yields a checked reciprocal swap, not direct N cover (39.15702ms)
✔ saving the agreed exchange changes exactly four roster cells and preserves IDs and other shifts (46.303385ms)
✔ preview is read-only and shows resulting schedules for both people (23.68761ms)
✔ a return N followed by work is not a valid swap even without a time overlap (5.178096ms)
✔ taking N on a date after your own previous N requires moving or removing that previous N (17.464193ms)
✔ two adjacent N transfers that individually look possible are not a shared multi-date cover (6.41599ms)
✔ unknown or uncertain post-night dates cannot approve reciprocal or one-way N cover (30.693965ms)
✔ unknown or reviewed-off receiving dates cannot silently become exchange candidates (21.196469ms)
✔ an unreviewed outgoing N cannot suggest either cover or exchange (3.631078ms)
✔ rest after N is checked even if the next shift starts after N has ended (5.26732ms)
✔ a colleague N on the previous roster day blocks E cover without time overlap (6.924732ms)
✔ same-workplace DE remains coverable and does not become an overlap concern (3.76574ms)
✔ hospital night aliases and overnight custom codes participate in night recovery (7.885611ms)
✔ short n ending at midnight stays distinct from overnight N (3.458921ms)
✔ a workplace can explicitly disable the day-off-after-night rule (16.641176ms)
✔ your other workplace or personal event blocks the incoming shift (20.391778ms)
✔ work in another workplace on the post-night date also prevents the swap (4.143146ms)
✔ stale previews revalidate before save and cannot overwrite a later shift edit (12.016719ms)
✔ same-code exchange does not propose unrelated shifts or a different workplace colleague (5.159378ms)
✔ date arithmetic and post-night recovery work across month and year boundaries (3.137209ms)
✔ uncertain data at another workplace cannot verify an exchange (3.742375ms)
✔ request drafts are local, specific to the colleague, and leave both rosters intact (8.976935ms)
✔ scan review lists every unclear date beside a visible editing prompt (50.783595ms)
✔ next and previous unclear skip clear and corrected dates and wrap safely (65.253549ms)
✔ clear calendar dates remain directly editable alongside the unclear-date list (43.938422ms)
✔ saved unclear results offer single-cell editing and show controls before the whole list (38.16828ms)
✔ shift swap has one main flow without nested mode tabs or result filters (38.238585ms)
✔ table line repair retains a real name interval while removing a false half-cell boundary (39.665462ms)
✔ table line repair preserves an irregular small layout without dominant date spacing (6.588057ms)
✔ staff suggestions use confirmed identities, preserve homonym ambiguity and respect workplace scope (8.611408ms)
✔ unsupported custom symbols retain the general recognizer (38.254649ms)
✔ specialist disagreement flags a previously clear reading instead of accepting a new guess (13.023918ms)
✔ a specialist off guess without a visible dash remains pending (13.550456ms)
✔ a matching independent specialist can resolve a pending valid symbol without learning its guess (9.160921ms)
✔ specialist initialization failure preserves the general OCR result (4.555694ms)
✔ an exact human-confirmed symbol is reused automatically and approximate matches remain pending (54.930977ms)
✔ calendar stays quiet outside imported periods without treating unseen days as off (64.174692ms)
✔ old imports retain unknown marks on their actual stored dates only (6.710071ms)
✔ calendar coverage respects the workplace filter (4.768061ms)
✔ workplace names, shift labels, and event titles are text in day/list/week views (48.409268ms)
✔ imported identifiers survive quote escaping without executing code or adding attributes (31.263287ms)
✔ code text and unsafe saved image/color attributes cannot inject markup (7.807895ms)
✔ colleague dynamic date fields quote their IDs and use safe handler arguments (26.696406ms)
✔ Today removes permanent Undo while settings and the confirmation toast keep it (26.722315ms)
✔ shipped OCR assets match their browser checksums and both compressed models expand (93.833947ms)
✔ roster imports store their exact range and undo removes it (43.490461ms)
✔ asset validation rejects same-size tampering and repairs a poisoned verified cache (80.132485ms)
✔ service-worker activation preserves verified scanner assets and unrelated caches (1.906596ms)
✔ manual exclusion filters direct cover, reciprocal swaps and common cover with a readable reason (32.655031ms)
✔ accepted full codes do not permit DE when a D-only colleague already has E (7.465894ms)
✔ no-combined rejects DE but still permits an ordinary D on an off date (8.154013ms)
✔ maximum length checks merged handover duration and custom long atomic codes (5.092447ms)
✔ a clear D-only pattern is suggested without silently filtering by default (9.559689ms)
✔ pattern learning ignores unreadable and unreviewed cells and requires sufficient evidence (17.330918ms)
✔ combined-only rosters are not used to infer an atomic duty restriction (6.259876ms)
✔ old patterns do not automatically constrain a distant future roster (11.171483ms)
✔ explicit choices and flexible override win over automatic patterns without bypassing manual limits (9.009745ms)
✔ hospital aliases are canonicalized in accepted shift rules (11.009991ms)
✔ an explicit empty allowed list offers no working shifts, while null restores all (5.605216ms)
✔ saved preference and automatic-filter changes are persistent-state fields and undoable (80.094167ms)
✔ colleague preferences are scoped by workplace and remain when roster cells are replaced (11.262249ms)
✔ inline edits preserve draft values on same-page renders, fold freely and clear on navigation (49.020214ms)
✔ starting a second inline editor leaves one tool and one copy of each field (10.845505ms)
✔ a changed colleague preference invalidates a formerly valid saved exchange preview (7.919512ms)
✔ manual limits affect trip cover candidates because they share the matching engine (4.110617ms)
✔ colleague manager exposes filters, readable observed evidence and persistent manual controls (28.586538ms)
✔ undo of colleague preferences keeps selected shifts that still exist (16.571652ms)
✔ an inline tool attached inside a folded section is mounted outside the folded parent (3.448616ms)
✔ accepted-shift chips reflect an active pattern and manual changes override it (20.067537ms)
✔ choosing all accepted shifts explicitly overrides automatic filtering (8.09205ms)
✔ off users can find every E colleague across pages including DE and EN (86.548435ms)
✔ combined and short-night duties use components and full time coverage without handover-only matches (49.438641ms)
✔ off, leave and stale off segments cannot become working staff (40.159722ms)
✔ uncertain, missing and unknown codes are separately listed instead of asserted as present (57.958141ms)
✔ presence ignores shift-swap restrictions and roster name search (35.077099ms)
✔ lookup works without a personal row and cannot include colleagues from another workplace (21.155022ms)
✔ working users appear once and multiple personal duties can cover a combined query (30.852782ms)
✔ custom aliases and a dedicated combined shift are matched by their workplace hours (48.858501ms)
✔ selection uses all month dates and keeps the seven-day roster preview in sync (62.83739ms)
✔ every name is shown without show-more and escaped names and IDs cannot inject markup (118.933732ms)
✔ lookup is read-only and automatic updates reflect edits and Undo (92.861501ms)
✔ disjoint combined shifts retain separate ranges instead of pretending continuous duty (34.284843ms)
✔ switching workplaces keeps the selected month and date while changing staff and shift choices (32.611226ms)
✔ full Persian durations, year/month/day, overnight date and case-sensitive codes (36.823996ms)
✔ Friday weekends, 1405 lunar holiday boundary and 1406 no reused lunar data (7.10311ms)
✔ name aliases are workplace-scoped, ambiguous aliases abstain, memory survives JSON backup (8.409887ms)
✔ faint dash is off, blank stays blank and D survives the glyph extraction (18.835482ms)
✔ visual examples match rescaled D, reject N and do not learn suggestions automatically (62.624035ms)
✔ manual confirmation is idempotent and explicit blank is separate from off (13.134573ms)
✔ all main views render for Persian/English and full month boundaries (163.611718ms)
✔ free slots never intersect saved work or personal events, including overnight work (5.01423ms)
✔ old state gains defaults without replacing saved shifts, and example conflicts abstain (3.106092ms)
✔ OCR cannot turn a letter-shaped cell into a confident off day, and blank needs review (37.910643ms)
✔ dash is accepted for existing workplace definitions without adding a code (4.497567ms)
✔ cell margins preserve a readable interior in a reduced-resolution table (6.316611ms)
✔ explicit OFF codes remain supported by OCR (21.944359ms)
✔ import replaces matching dates only and learns only explicitly confirmed symbols (6.549801ms)
✔ cancelled or invalid imports preserve schedules and do not learn (3.774499ms)
✔ IndexedDB round-trip retains schedules and correction memory across a fresh app context (33.496401ms)
✔ OCR rejects a grid dash appended to a working code without rejecting explicit custom codes (24.009612ms)
✔ cover suggestions exclude uncertain off days and previous-night overlaps (4.319049ms)
✔ colleague re-scan clears stale unreadable values and pauses for guessed dates (6.905804ms)
✔ cover flow stays visible without colleagues and supports several selected dates (49.754604ms)
✔ uncertain neighboring overnight dates cannot produce a cover recommendation (3.39155ms)
✔ swap navigation has the requested label and always opens date selection (11.572344ms)
✔ three tabs retain setup routes, English palettes and entry choices (35.636131ms)
✔ month review shows every date and edits the selected source cell (29.821718ms)
✔ additional swap dates and selected result remain reachable (42.055411ms)
✔ calendar exposes current date separately from selection and settings switches retain their state (19.60143ms)
✔ editing an existing shift moves its date and workplace without leaving the old shift (12.43109ms)
✔ Persian fallback requires independent evidence and always remains reviewable (24.788419ms)
✔ free periods cross nights, respect events and stop at the last known roster date (5.746687ms)
✔ trip planner can turn a shorter gap into four days by handing over one shift, with named colleagues (5.009223ms)
✔ missing, uncertain and other-workplace roster days cannot become a trip (4.44003ms)
✔ an expired second workplace blocks travel until its roster is updated or explicitly excluded (3.669937ms)
✔ D cover includes an E colleague as DE despite the approved handover overlap (5.542431ms)
✔ combined cover compares canonical aliases and accepts only defined working combinations (4.00613ms)
✔ legacy off aliases normalize together without changing saved shift times or unknown dates (3.149737ms)
✔ custom hospital symbols retain explicit meanings, case, hours and overnight endings (7.472452ms)
✔ ambiguous hospital aliases abstain and are not accepted as a known shift (4.178699ms)
✔ digital roster distinguishes off from missing and keeps uncertain dates reviewable (70.320938ms)
✔ digital colleague corrections clear uncertainty and affect cover suggestions (17.720132ms)
✔ DE, EN and En handovers in the same workplace are not conflicts (4.531037ms)
✔ cross-workplace clashes remain visible even inside a same-place combined duty (3.13112ms)
✔ OCR respects an explicit custom work meaning for an asterisk (16.371482ms)
✔ empty OCR output never crashes and optional Persian failure stays reviewable (36.795644ms)
✔ failed row reading preserves photo and picker for a retry, without importing partial shifts (4.657707ms)
✔ guided setup creates one workplace and continues directly to roster entry (15.645754ms)
✔ a missing roster day is unknown, while explicit off and leave are distinct (58.215016ms)
✔ monthly filter defaults to all and selected date details appear before the grid (50.210056ms)
✔ event tap edits and saving preserves a multi-day trip id and duration (60.642632ms)
✔ event end before start is rejected without mutating state (18.933189ms)
✔ shift drafts survive navigation without changing the saved roster (40.01839ms)
✔ separate page drafts restore their own editing context and values (45.430678ms)
✔ durable save confirmation waits for storage completion (24.747808ms)
✔ failed save restores data and history, retains editable fields, and supports retry (41.051909ms)
✔ failed OCR import retains review cells and does not partially save shifts (20.48888ms)
✔ digital roster shortcuts retain month, page, and name search (43.681152ms)
✔ colleague presets apply full-code restrictions rather than allowing unintended combinations (45.128044ms)
✔ temporary exclusions apply only inside the inclusive period and weekdays independently (18.614311ms)
✔ linking scanned identities keeps the original rules and merges cells with undo (49.094746ms)
✔ ambiguous aliases never silently choose an identity; linking cannot cross workplaces (19.274049ms)
✔ grouped options retain every eligible item in deterministic colleague order (13.727156ms)
✔ trip reciprocal proposals include the return duty and reject breaks that are too short (19.521079ms)
✔ failed settings save restores the prior selection without overwriting schedules (19.263152ms)
✔ failed first setup retains the workspace and name form for retry (19.380289ms)
✔ expanding advanced settings for one colleague does not expand another on render (24.504043ms)
✔ an active workplace with no roster cannot be silently ignored by travel planning (17.514464ms)
✔ the calendar edit action respects the visible workplace filter (17.781383ms)
✔ group correction learns once, clears only selected dates and undo restores evidence (57.258669ms)
✔ failed group save preserves selection and restores all roster and memory data (18.118158ms)
✔ similar-photo selection never saves or confirms a shift (19.573117ms)
✔ manual colleague correction learns from source and unknown removal does not teach off (35.432282ms)
✔ date confirmation is page-wide, preserves symbol confidence, and validates column range (17.449807ms)
✔ blank interpretation is explicit and only changes actual blank detections (34.038804ms)
✔ blank OCR abstains by default and a workplace off convention can recognize it (24.834523ms)
✔ straightening rejects crossed corner order and preserves dimensions for an aligned rectangle (40.602566ms)
✔ an unreadable imported date remains reviewable and does not count as known off (9.709433ms)
✔ review lists every pending item in month; escaping protects scanned names (19.832335ms)
✔ unconfirmed OCR names are not learned during import (9.88077ms)
✔ short crops cannot allocate a negative typed array (4.638999ms)
✔ colleague-only import reads every page without selecting or modifying a personal row (4.904226ms)
✔ colleague-only mode skips name picking even when a row resembles the user name (2.625863ms)
✔ colleague page rescans update a unique identity without duplicating it (3.469497ms)
✔ repeated OCR names on different rows never merge nurses silently (5.408011ms)
✔ confirmed-example memory retains small local crops for later labelled evaluation (2.407225ms)
✔ undo of a manual edit restores IDs, times and order, without reverting settings or unrelated events (73.936725ms)
✔ sequential changes undo in order and a new change after undo stays usable (41.742594ms)
✔ undo restores both rosters after an agreed exchange and removes its history entry (25.765462ms)
✔ deleted shifts return to their original position (12.016028ms)
✔ moving a shift onto an existing date undoes both the old date and replaced target (14.993758ms)
✔ colleague cell undo restores missing/uncertain information and does not repeat photos (22.340753ms)
✔ undo remains functional after state serialization/reload (10.433919ms)
✔ undo refuses a stale record without overwriting later schedule changes (11.177251ms)
✔ invalid paths from an imported history cannot mutate the app (2.941716ms)
✔ undo history has a bounded count and no-op changes produce no record (5.010064ms)
✔ trip and personal event creation/deletion can be undone (69.324427ms)
✔ workplace removal and its rosters can be restored together (8.85307ms)
✔ imported shift dates and coverage markers restore independently of remembered scan examples (8.570327ms)
✔ all workplaces appear in the same date cell with distinct numbered markers (15.559406ms)
✔ off, leave and sick leave use distinct roster labels without holiday wording (5.847007ms)
✔ national and religious occasions do not imply a roster off day or change free-time results (6.029722ms)
✔ 1405 official lunar mappings are not reused for another year; solar occasions recur (9.583415ms)
✔ exchange results show schedule outcomes without repetitive rule notes or old verbs (13.65985ms)
✔ failed undo storage keeps the edited state and the undo record for retry (12.055788ms)
✔ a malformed undo with a missing parent is rejected before any other patch is applied (7.356729ms)
✔ undo of a colleague name correction restores the name and its OCR learning (12.412943ms)
✔ forgetting a scan correction is reversible (15.258605ms)
ℹ tests 188
ℹ suites 0
ℹ pass 188
ℹ fail 0
ℹ cancelled 0
ℹ skipped 0
ℹ todo 0
ℹ duration_ms 11432.5901
